[{"a":34,"c":True},{}]
{"{abc":47}
['ab',123,"]","ab\nc",{'a':23,'b':True}]
"ab\"c"
"'apos'"
'iei"ab'
'xyz\''
